// Jest Snapshot v1, https://goo.gl/fbAQLP

exports[`Profile should match snapshot 1`] = `
Array [
  <View
    style={
      Array [
        Object {
          "position": "absolute",
        },
      ]
    }
  >
    <RNSVGSvgView
      bbHeight={1334}
      bbWidth={750}
      focusable={false}
      height={1334}
      style={
        Array [
          Object {
            "backgroundColor": "transparent",
            "borderWidth": 0,
          },
          Object {
            "flex": 0,
            "height": 1334,
            "width": 750,
          },
        ]
      }
      width={750}
    >
      <RNSVGGroup>
        <RNSVGCircle
          cx={666.25}
          cy={333.5}
          fill={4294892136}
          propList={
            Array [
              "fill",
            ]
          }
          r={125}
        />
        <RNSVGCircle
          cx={83.75}
          cy={762.2857142857143}
          fill={4279943103}
          propList={
            Array [
              "fill",
            ]
          }
          r={93.75}
        />
        <RNSVGCircle
          cx={650}
          cy={1190.6000000000001}
          fill={4279943103}
          propList={
            Array [
              "fill",
            ]
          }
          r={75}
        />
      </RNSVGGroup>
    </RNSVGSvgView>
  </View>,
  <View
    style={
      Array [
        Object {
          "flexBasis": 0,
          "flexGrow": 1,
          "flexShrink": 1,
          "justifyContent": "center",
          "paddingHorizontal": 20,
        },
      ]
    }
  >
    <View
      style={
        Object {
          "backgroundColor": "#fff",
          "borderBottomWidth": 0.5,
          "borderColor": "#ccc",
          "borderLeftWidth": 0.5,
          "borderRadius": 2,
          "borderRightWidth": 0.5,
          "borderTopWidth": 0.5,
          "elevation": 3,
          "flexWrap": "nowrap",
          "marginBottom": 5,
          "marginLeft": 2,
          "marginRight": 2,
          "marginTop": 5,
          "shadowColor": "#000",
          "shadowOffset": Object {
            "height": 2,
            "width": 0,
          },
          "shadowOpacity": 0.1,
          "shadowRadius": 1.5,
        }
      }
    >
      <View
        style={
          Object {
            "alignItems": "center",
            "backgroundColor": "#fff",
            "borderRadius": 2,
            "flexDirection": "row",
            "paddingBottom": 10,
            "paddingLeft": 15,
            "paddingRight": 15,
            "paddingTop": 10,
          }
        }
      >
        <View
          style={
            Array [
              Object {
                "alignItems": "center",
                "flexBasis": 0,
                "flexGrow": 1,
                "flexShrink": 1,
                "paddingVertical": 20,
              },
            ]
          }
        >
          <Image
            large={true}
            source={
              Object {
                "testUri": "../../../src/asset/image/user.png",
              }
            }
            style={
              Object {
                "borderRadius": 40,
                "height": 80,
                "width": 80,
              }
            }
          />
          <Text
            bold={true}
            style={
              Array [
                Object {
                  "color": "#000",
                  "fontFamily": "System",
                  "fontSize": 16,
                },
                Object {
                  "color": "#000000",
                  "fontSize": 24,
                  "marginTop": 10,
                },
              ]
            }
          >
            Sample Text
          </Text>
          <Text
            style={
              Array [
                Object {
                  "color": "#000",
                  "fontFamily": "System",
                  "fontSize": 16,
                },
                Object {
                  "color": "#000000",
                  "fontSize": 16,
                  "marginTop": 10,
                },
              ]
            }
          >
            Hey there! I am a socioh user.
          </Text>
        </View>
      </View>
      <View
        style={
          Object {
            "alignItems": "center",
            "backgroundColor": "#fff",
            "borderRadius": 2,
            "flexDirection": "row",
            "paddingBottom": 10,
            "paddingLeft": 15,
            "paddingRight": 15,
            "paddingTop": 10,
          }
        }
      >
        <View
          style={
            Array [
              Object {
                "borderTopColor": "#1abfbf",
                "borderTopWidth": 1,
                "flexBasis": 0,
                "flexGrow": 1,
                "flexShrink": 1,
                "paddingTop": 20,
              },
            ]
          }
        >
          <View
            style={
              Array [
                Object {
                  "alignItems": "center",
                  "flexBasis": 0,
                  "flexGrow": 1,
                  "flexShrink": 1,
                },
              ]
            }
          >
            <Text
              style={
                Array [
                  Object {
                    "color": "#000",
                    "fontFamily": "System",
                    "fontSize": 16,
                  },
                  Object {
                    "color": "#000000",
                    "fontSize": 16,
                    "fontWeight": "bold",
                  },
                ]
              }
            >
              My interests
            </Text>
          </View>
          <View
            style={
              Array [
                Object {
                  "flexDirection": "row",
                  "flexWrap": "wrap",
                },
              ]
            }
          >
            <View
              style={
                Array [
                  Object {
                    "alignSelf": "flex-start",
                    "backgroundColor": "#ED1727",
                    "borderRadius": 13.5,
                    "height": 27,
                    "justifyContent": "center",
                    "paddingBottom": 3,
                    "paddingLeft": 6,
                    "paddingRight": 6,
                    "paddingTop": 3,
                  },
                  Object {
                    "backgroundColor": "#ffffff",
                    "borderColor": "#feda68",
                    "borderStyle": "solid",
                    "borderWidth": 1,
                    "marginBottom": 10,
                    "marginLeft": 5,
                    "marginRight": 5,
                  },
                ]
              }
            >
              <Text
                style={
                  Array [
                    Object {
                      "color": "#fff",
                      "fontFamily": "System",
                      "fontSize": 15,
                      "lineHeight": 19,
                      "paddingLeft": 3,
                      "paddingRight": 3,
                      "textAlign": "center",
                    },
                    Object {
                      "color": "#000000",
                      "fontStyle": "italic",
                    },
                  ]
                }
              >
                music
              </Text>
            </View>
          </View>
        </View>
      </View>
    </View>
  </View>,
]
`;
