// Jest Snapshot v1, https://goo.gl/fbAQLP

exports[`Home should match snapshot 1`] = `
<View
  style={
    Array [
      Object {
        "backgroundColor": "#b0e6e7",
        "flexBasis": 0,
        "flexGrow": 1,
        "flexShrink": 1,
      },
    ]
  }
>
  <View
    style={
      Array [
        Object {
          "backgroundColor": "#1abfbf",
          "borderTopLeftRadius": 20,
          "borderTopRightRadius": 20,
          "flexBasis": 0,
          "flexGrow": 1,
          "flexShrink": 1,
          "marginTop": "30%",
        },
      ]
    }
  >
    <View
      accessible={true}
      focusable={true}
      onClick={[Function]}
      onResponderGrant={[Function]}
      onResponderMove={[Function]}
      onResponderRelease={[Function]}
      onResponderTerminate={[Function]}
      onResponderTerminationRequest={[Function]}
      onStartShouldSetResponder={[Function]}
      style={
        Object {
          "alignItems": "center",
          "opacity": 1,
          "paddingVertical": 20,
        }
      }
      testID="home_avatar"
    >
      <Image
        large={true}
        source={
          Object {
            "testUri": "../../../src/asset/image/user.png",
          }
        }
        style={
          Object {
            "borderRadius": 40,
            "height": 80,
            "width": 80,
          }
        }
      />
    </View>
    <View
      style={
        Array [
          Object {},
          Object {},
        ]
      }
    >
      <View
        accessible={true}
        focusable={false}
        onClick={[Function]}
        onResponderGrant={[Function]}
        onResponderMove={[Function]}
        onResponderRelease={[Function]}
        onResponderTerminate={[Function]}
        onResponderTerminationRequest={[Function]}
        onStartShouldSetResponder={[Function]}
      >
        <View
          selected={true}
          style={
            Array [
              Object {
                "alignItems": "center",
                "backgroundColor": "transparent",
                "borderBottomWidth": 0.5,
                "borderColor": "#c9c9c9",
                "flexDirection": "row",
                "marginLeft": 16,
                "paddingBottom": 13,
                "paddingRight": 16,
                "paddingTop": 13,
              },
              Object {
                "backgroundColor": "#b0e6e7",
                "marginLeft": 0,
                "paddingLeft": 20,
              },
            ]
          }
        >
          <Text
            allowFontScaling={false}
            selected={true}
            style={
              Array [
                Object {
                  "color": undefined,
                  "fontSize": 12,
                },
                Array [
                  Object {
                    "color": "#000",
                    "fontSize": 30,
                  },
                  Object {
                    "color": "#007aff",
                    "fontSize": 30,
                  },
                  Object {
                    "color": "#000000",
                  },
                ],
                Object {
                  "fontFamily": "Material Icons",
                  "fontStyle": "normal",
                  "fontWeight": "normal",
                },
                Object {},
              ]
            }
            type="MaterialIcons"
          >
            
          </Text>
          <Text
            selected={true}
            style={
              Array [
                Object {
                  "alignSelf": "center",
                  "color": "#007aff",
                  "fontFamily": "System",
                  "fontSize": 16,
                },
                Object {
                  "color": "#000000",
                  "fontSize": 16,
                  "fontWeight": "bold",
                  "marginLeft": 20,
                  "textTransform": "uppercase",
                },
              ]
            }
          >
            Home
          </Text>
        </View>
      </View>
      <View
        accessible={true}
        focusable={true}
        onClick={[Function]}
        onResponderGrant={[Function]}
        onResponderMove={[Function]}
        onResponderRelease={[Function]}
        onResponderTerminate={[Function]}
        onResponderTerminationRequest={[Function]}
        onStartShouldSetResponder={[Function]}
        testID="home_contacts"
      >
        <View
          onPress={[Function]}
          style={
            Array [
              Object {
                "alignItems": "center",
                "backgroundColor": "transparent",
                "borderBottomWidth": 0.5,
                "borderColor": "#c9c9c9",
                "flexDirection": "row",
                "marginLeft": 16,
                "paddingBottom": 13,
                "paddingRight": 16,
                "paddingTop": 13,
              },
              Object {
                "marginLeft": 0,
                "paddingLeft": 20,
              },
            ]
          }
        >
          <Text
            allowFontScaling={false}
            style={
              Array [
                Object {
                  "color": undefined,
                  "fontSize": 12,
                },
                Array [
                  Object {
                    "color": "#000",
                    "fontSize": 30,
                  },
                  Object {
                    "color": "#000",
                    "fontSize": 30,
                  },
                  Object {
                    "color": "#ffffff",
                  },
                ],
                Object {
                  "fontFamily": "Material Icons",
                  "fontStyle": "normal",
                  "fontWeight": "normal",
                },
                Object {},
              ]
            }
            type="MaterialIcons"
          >
            
          </Text>
          <Text
            style={
              Array [
                Object {
                  "alignSelf": "center",
                  "color": "#000",
                  "fontFamily": "System",
                  "fontSize": 16,
                },
                Object {
                  "color": "#ffffff",
                  "fontSize": 16,
                  "fontWeight": "bold",
                  "marginLeft": 20,
                  "textTransform": "uppercase",
                },
              ]
            }
          >
            Contacts
          </Text>
        </View>
      </View>
      <View
        accessible={true}
        focusable={true}
        onClick={[Function]}
        onResponderGrant={[Function]}
        onResponderMove={[Function]}
        onResponderRelease={[Function]}
        onResponderTerminate={[Function]}
        onResponderTerminationRequest={[Function]}
        onStartShouldSetResponder={[Function]}
        testID="home_messages"
      >
        <View
          onPress={[Function]}
          style={
            Array [
              Object {
                "alignItems": "center",
                "backgroundColor": "transparent",
                "borderBottomWidth": 0.5,
                "borderColor": "#c9c9c9",
                "flexDirection": "row",
                "marginLeft": 16,
                "paddingBottom": 13,
                "paddingRight": 16,
                "paddingTop": 13,
              },
              Object {
                "marginLeft": 0,
                "paddingLeft": 20,
              },
            ]
          }
        >
          <Text
            allowFontScaling={false}
            style={
              Array [
                Object {
                  "color": undefined,
                  "fontSize": 12,
                },
                Array [
                  Object {
                    "color": "#000",
                    "fontSize": 30,
                  },
                  Object {
                    "color": "#000",
                    "fontSize": 30,
                  },
                  Object {
                    "color": "#ffffff",
                  },
                ],
                Object {
                  "fontFamily": "Material Icons",
                  "fontStyle": "normal",
                  "fontWeight": "normal",
                },
                Object {},
              ]
            }
            type="MaterialIcons"
          >
            
          </Text>
          <Text
            style={
              Array [
                Object {
                  "alignSelf": "center",
                  "color": "#000",
                  "fontFamily": "System",
                  "fontSize": 16,
                },
                Object {
                  "color": "#ffffff",
                  "fontSize": 16,
                  "fontWeight": "bold",
                  "marginLeft": 20,
                  "textTransform": "uppercase",
                },
              ]
            }
          >
            Messages
          </Text>
        </View>
      </View>
      <View
        accessible={true}
        focusable={true}
        onClick={[Function]}
        onResponderGrant={[Function]}
        onResponderMove={[Function]}
        onResponderRelease={[Function]}
        onResponderTerminate={[Function]}
        onResponderTerminationRequest={[Function]}
        onStartShouldSetResponder={[Function]}
        testID="home_contacts"
      >
        <View
          onPress={[Function]}
          style={
            Array [
              Object {
                "alignItems": "center",
                "backgroundColor": "transparent",
                "borderBottomWidth": 0.5,
                "borderColor": "#c9c9c9",
                "flexDirection": "row",
                "marginLeft": 16,
                "paddingBottom": 13,
                "paddingRight": 16,
                "paddingTop": 13,
              },
              Object {
                "marginLeft": 0,
                "paddingLeft": 20,
              },
            ]
          }
        >
          <Text
            allowFontScaling={false}
            style={
              Array [
                Object {
                  "color": undefined,
                  "fontSize": 12,
                },
                Array [
                  Object {
                    "color": "#000",
                    "fontSize": 30,
                  },
                  Object {
                    "color": "#000",
                    "fontSize": 30,
                  },
                  Object {
                    "color": "#ffffff",
                  },
                ],
                Object {
                  "fontFamily": "Material Icons",
                  "fontStyle": "normal",
                  "fontWeight": "normal",
                },
                Object {},
              ]
            }
            type="MaterialIcons"
          >
            
          </Text>
          <Text
            style={
              Array [
                Object {
                  "alignSelf": "center",
                  "color": "#000",
                  "fontFamily": "System",
                  "fontSize": 16,
                },
                Object {
                  "color": "#ffffff",
                  "fontSize": 16,
                  "fontWeight": "bold",
                  "marginLeft": 20,
                  "textTransform": "uppercase",
                },
              ]
            }
          >
            Photos
          </Text>
        </View>
      </View>
      <View
        accessible={true}
        focusable={true}
        onClick={[Function]}
        onResponderGrant={[Function]}
        onResponderMove={[Function]}
        onResponderRelease={[Function]}
        onResponderTerminate={[Function]}
        onResponderTerminationRequest={[Function]}
        onStartShouldSetResponder={[Function]}
        testID="home_logout"
      >
        <View
          button={true}
          onPress={[Function]}
          style={
            Array [
              Object {
                "alignItems": "center",
                "backgroundColor": "transparent",
                "borderBottomWidth": 0.5,
                "borderColor": "#c9c9c9",
                "flexDirection": "row",
                "marginLeft": 16,
                "paddingBottom": 13,
                "paddingRight": 16,
                "paddingTop": 13,
              },
              Object {
                "marginLeft": 0,
                "paddingLeft": 20,
              },
            ]
          }
        >
          <Text
            allowFontScaling={false}
            style={
              Array [
                Object {
                  "color": undefined,
                  "fontSize": 12,
                },
                Array [
                  Object {
                    "color": "#000",
                    "fontSize": 30,
                  },
                  Object {
                    "color": "#000",
                    "fontSize": 30,
                  },
                  Object {
                    "color": "#ffffff",
                  },
                ],
                Object {
                  "fontFamily": "Material Icons",
                  "fontStyle": "normal",
                  "fontWeight": "normal",
                },
                Object {},
              ]
            }
            type="MaterialIcons"
          >
            
          </Text>
          <Text
            style={
              Array [
                Object {
                  "alignSelf": "center",
                  "color": "#000",
                  "fontFamily": "System",
                  "fontSize": 16,
                },
                Object {
                  "color": "#ffffff",
                  "fontSize": 16,
                  "fontWeight": "bold",
                  "marginLeft": 20,
                  "textTransform": "uppercase",
                },
              ]
            }
          >
            Logout
          </Text>
        </View>
      </View>
    </View>
  </View>
</View>
`;
