// Jest Snapshot v1, https://goo.gl/fbAQLP

exports[`Messages should match snapshot 1`] = `
<View
  style={
    Array [
      Object {
        "flexBasis": 0,
        "flexGrow": 1,
        "flexShrink": 1,
        "paddingHorizontal": 20,
      },
    ]
  }
>
  <View
    highlight={true}
    style={
      Array [
        Object {
          "backgroundColor": "#fff",
          "borderBottomWidth": 0.5,
          "borderColor": "#ccc",
          "borderLeftWidth": 0.5,
          "borderRadius": 2,
          "borderRightWidth": 0.5,
          "borderTopWidth": 0.5,
          "elevation": 3,
          "flexWrap": "nowrap",
          "marginBottom": 5,
          "marginLeft": 2,
          "marginRight": 2,
          "marginTop": 5,
          "shadowColor": "#000",
          "shadowOffset": Object {
            "height": 2,
            "width": 0,
          },
          "shadowOpacity": 0.1,
          "shadowRadius": 1.5,
        },
        Object {
          "borderColor": "#1abfbf",
        },
      ]
    }
  >
    <View
      accessible={true}
      focusable={true}
      forwardedRef={[Function]}
      onClick={[Function]}
      onResponderGrant={[Function]}
      onResponderMove={[Function]}
      onResponderRelease={[Function]}
      onResponderTerminate={[Function]}
      onResponderTerminationRequest={[Function]}
      onStartShouldSetResponder={[Function]}
      style={
        Object {
          "alignItems": "center",
          "backgroundColor": "#fff",
          "borderRadius": 2,
          "flexDirection": "row",
          "opacity": 1,
          "paddingBottom": 10,
          "paddingLeft": 15,
          "paddingRight": 15,
          "paddingTop": 10,
        }
      }
      testID="message_card"
    >
      <View
        style={
          Object {
            "alignItems": "center",
            "alignSelf": "center",
            "flex": 1,
            "flexDirection": "row",
          }
        }
      >
        <Image
          large={true}
          source={
            Object {
              "testUri": "../../../src/asset/image/socioh_bot.jpg",
            }
          }
          style={
            Object {
              "borderRadius": 40,
              "height": 80,
              "width": 80,
            }
          }
        />
        <View
          style={
            Object {
              "alignItems": null,
              "alignSelf": "center",
              "flex": 1,
              "marginLeft": 10,
            }
          }
        >
          <Text
            isMargin={false}
            style={
              Array [
                Object {
                  "color": "#000",
                  "fontFamily": "System",
                  "fontSize": 16,
                },
                Object {
                  "fontSize": 20,
                },
              ]
            }
            testID="card_primary_text"
          >
            Socioh Bot
          </Text>
        </View>
      </View>
    </View>
  </View>
</View>
`;
