// Jest Snapshot v1, https://goo.gl/fbAQLP

exports[`Header should match snapshot 1`] = `
<View
  style={
    Array [
      Object {
        "backgroundColor": "#f0f8f8",
      },
    ]
  }
>
  <RNSVGSvgView
    bbHeight={135}
    bbWidth={750}
    focusable={false}
    height={135}
    style={
      Array [
        Object {
          "backgroundColor": "transparent",
          "borderWidth": 0,
        },
        Object {
          "flex": 0,
          "height": 135,
          "width": 750,
        },
      ]
    }
    width={750}
  >
    <RNSVGGroup>
      <RNSVGCircle
        cx={375}
        cy={-310}
        fill={4279943103}
        propList={
          Array [
            "fill",
          ]
        }
        r={750}
      />
    </RNSVGGroup>
  </RNSVGSvgView>
  <View
    style={
      Array [
        Object {
          "left": 0,
          "paddingVertical": 50,
          "position": "absolute",
          "right": 0,
        },
      ]
    }
  >
    <View
      style={
        Array [
          Object {
            "flexBasis": 0,
            "flexDirection": "row",
            "flexGrow": 1,
            "flexShrink": 1,
            "justifyContent": "space-around",
            "paddingTop": 20,
          },
        ]
      }
    >
      <Text
        style={
          Array [
            Object {
              "color": "#000",
              "fontFamily": "System",
              "fontSize": 16,
            },
            Object {
              "color": "#ffffff",
              "fontSize": 24,
              "fontWeight": "bold",
            },
          ]
        }
      >
        Header
      </Text>
    </View>
  </View>
</View>
`;
