// Jest Snapshot v1, https://goo.gl/fbAQLP

exports[`Contacts should match snapshot 1`] = `
<View
  style={
    Array [
      Object {
        "flexBasis": 0,
        "flexGrow": 1,
        "flexShrink": 1,
        "paddingHorizontal": 20,
      },
    ]
  }
>
  <View
    style={
      Object {
        "backgroundColor": "#fff",
        "borderBottomWidth": 0.5,
        "borderColor": "#ccc",
        "borderLeftWidth": 0.5,
        "borderRadius": 2,
        "borderRightWidth": 0.5,
        "borderTopWidth": 0.5,
        "elevation": 3,
        "flexWrap": "nowrap",
        "marginBottom": 5,
        "marginLeft": 2,
        "marginRight": 2,
        "marginTop": 5,
        "shadowColor": "#000",
        "shadowOffset": Object {
          "height": 2,
          "width": 0,
        },
        "shadowOpacity": 0.1,
        "shadowRadius": 1.5,
      }
    }
  >
    <View
      header={true}
      style={
        Object {
          "alignItems": "center",
          "backgroundColor": "#fff",
          "borderBottomWidth": null,
          "borderRadius": 2,
          "flexDirection": "row",
          "paddingBottom": 15,
          "paddingLeft": 15,
          "paddingRight": 15,
          "paddingTop": 15,
        }
      }
    >
      <View
        accessible={true}
        focusable={false}
        forwardedRef={[Function]}
        onClick={[Function]}
        onResponderGrant={[Function]}
        onResponderMove={[Function]}
        onResponderRelease={[Function]}
        onResponderTerminate={[Function]}
        onResponderTerminationRequest={[Function]}
        onStartShouldSetResponder={[Function]}
        style={
          Object {
            "alignItems": "center",
            "backgroundColor": "transparent",
            "borderBottomWidth": 1,
            "borderColor": "#1abfbf",
            "borderLeftWidth": 1,
            "borderRadius": 30,
            "borderRightWidth": 1,
            "borderTopWidth": 1,
            "borderWidth": 1,
            "flexDirection": "row",
            "marginLeft": 2,
            "opacity": 1,
          }
        }
      >
        <TextInput
          allowFontScaling={true}
          editable={true}
          placeholder="Input"
          placeholderTextColor="#575757"
          rejectResponderTermination={true}
          style={
            Object {
              "color": "#000",
              "flex": 1,
              "fontSize": 17,
              "height": 50,
              "paddingLeft": 8,
              "paddingRight": 5,
              "top": 1.5,
            }
          }
          underlineColorAndroid="rgba(0,0,0,0)"
        />
      </View>
    </View>
    <View
      style={Object {}}
    >
      <View
        accessible={true}
        focusable={false}
        onClick={[Function]}
        onResponderGrant={[Function]}
        onResponderMove={[Function]}
        onResponderRelease={[Function]}
        onResponderTerminate={[Function]}
        onResponderTerminationRequest={[Function]}
        onStartShouldSetResponder={[Function]}
      >
        <View
          avatar={true}
          style={
            Object {
              "alignItems": "center",
              "backgroundColor": "transparent",
              "borderBottomWidth": null,
              "borderColor": "#c9c9c9",
              "flexDirection": "row",
              "marginLeft": 16,
              "paddingBottom": null,
              "paddingRight": null,
              "paddingTop": null,
            }
          }
        >
          <View
            style={
              Object {
                "alignItems": "flex-start",
                "alignSelf": "flex-start",
                "flex": 0,
                "flexDirection": "row",
                "paddingTop": 14,
              }
            }
          >
            <Image
              small={true}
              source={
                Object {
                  "testUri": "../../../src/asset/image/user.png",
                }
              }
              style={
                Object {
                  "borderRadius": 18,
                  "height": 36,
                  "width": 36,
                }
              }
            />
          </View>
          <View
            style={
              Array [
                Object {
                  "alignItems": null,
                  "alignSelf": null,
                  "borderBottomWidth": 0.5,
                  "borderColor": "#c9c9c9",
                  "flex": 1,
                  "marginLeft": 15,
                  "paddingBottom": 10,
                  "paddingTop": 10,
                },
                Object {
                  "borderBottomWidth": 0,
                },
              ]
            }
          >
            <Text
              style={
                Object {
                  "color": "#000",
                  "fontFamily": "System",
                  "fontSize": 16,
                  "marginLeft": null,
                  "marginRight": 10,
                }
              }
            >
              Praveen
            </Text>
            <Text
              note={true}
              style={
                Object {
                  "color": "#808080",
                  "fontFamily": "System",
                  "fontSize": 14,
                  "fontWeight": "200",
                  "marginLeft": null,
                  "marginRight": 10,
                }
              }
            >
              9876543210
            </Text>
          </View>
        </View>
      </View>
      <View
        accessible={true}
        focusable={false}
        onClick={[Function]}
        onResponderGrant={[Function]}
        onResponderMove={[Function]}
        onResponderRelease={[Function]}
        onResponderTerminate={[Function]}
        onResponderTerminationRequest={[Function]}
        onStartShouldSetResponder={[Function]}
      >
        <View
          avatar={true}
          style={
            Object {
              "alignItems": "center",
              "backgroundColor": "transparent",
              "borderBottomWidth": null,
              "borderColor": "#c9c9c9",
              "flexDirection": "row",
              "marginLeft": 16,
              "paddingBottom": null,
              "paddingRight": null,
              "paddingTop": null,
            }
          }
        >
          <View
            style={
              Object {
                "alignItems": "flex-start",
                "alignSelf": "flex-start",
                "flex": 0,
                "flexDirection": "row",
                "paddingTop": 14,
              }
            }
          >
            <Image
              small={true}
              source={
                Object {
                  "testUri": "../../../src/asset/image/user.png",
                }
              }
              style={
                Object {
                  "borderRadius": 18,
                  "height": 36,
                  "width": 36,
                }
              }
            />
          </View>
          <View
            style={
              Array [
                Object {
                  "alignItems": null,
                  "alignSelf": null,
                  "borderBottomWidth": 0.5,
                  "borderColor": "#c9c9c9",
                  "flex": 1,
                  "marginLeft": 15,
                  "paddingBottom": 10,
                  "paddingTop": 10,
                },
                Object {
                  "borderBottomWidth": 0,
                },
              ]
            }
          >
            <Text
              style={
                Object {
                  "color": "#000",
                  "fontFamily": "System",
                  "fontSize": 16,
                  "marginLeft": null,
                  "marginRight": 10,
                }
              }
            >
              Praveen
            </Text>
            <Text
              note={true}
              style={
                Object {
                  "color": "#808080",
                  "fontFamily": "System",
                  "fontSize": 14,
                  "fontWeight": "200",
                  "marginLeft": null,
                  "marginRight": 10,
                }
              }
            >
              9876543210
            </Text>
          </View>
        </View>
      </View>
    </View>
  </View>
</View>
`;
